[    0.000000] Initializing cgroup subsys cpuset
[    0.000000] Initializing cgroup subsys cpu
[    0.000000] Initializing cgroup subsys cpuacct
[    0.000000] Linux version 4.4.0-176-generic (buildd@lgw01-amd64-035) (gcc version 5.4.0 20160609 (Ubuntu 5.4.0-6ubuntu1~16.04.12) ) #206-Ubuntu SMP Fri Feb 28 05:02:04 UTC 2020 (Ubuntu 4.4.0-176.206-generic 4.4.211)
[    0.000000] Command line: BOOT_IMAGE=/boot/vmlinuz-4.4.0-176-generic root=LABEL=cloudimg-rootfs ro console=tty1 console=ttyS0
[    0.000000] KERNEL supported cpus:
[    0.000000]   Intel GenuineIntel
[    0.000000]   AMD AuthenticAMD
[    0.000000]   Centaur CentaurHauls
[    0.000000] x86/fpu: xstate_offset[2]:  576, xstate_sizes[2]:  256
[    0.000000] x86/fpu: Supporting XSAVE feature 0x01: 'x87 floating point registers'
[    0.000000] x86/fpu: Supporting XSAVE feature 0x02: 'SSE registers'
[    0.000000] x86/fpu: Supporting XSAVE feature 0x04: 'AVX registers'
[    0.000000] x86/fpu: Enabled xstate features 0x7, context size is 832 bytes, using 'standard' format.
[    0.000000] e820: BIOS-provided physical RAM map:
[    0.000000] BIOS-e820: [mem 0x0000000000000000-0x000000000009fbff] usable
[    0.000000] BIOS-e820: [mem 0x000000000009fc00-0x000000000009ffff] reserved
[    0.000000] BIOS-e820: [mem 0x00000000000f0000-0x00000000000fffff] reserved
[    0.000000] BIOS-e820: [mem 0x0000000000100000-0x000000001ffeffff] usable
[    0.000000] BIOS-e820: [mem 0x000000001fff0000-0x000000001fffffff] ACPI data
[    0.000000] BIOS-e820: [mem 0x00000000fec00000-0x00000000fec00fff] reserved
[    0.000000] BIOS-e820: [mem 0x00000000fee00000-0x00000000fee00fff] reserved
[    0.000000] BIOS-e820: [mem 0x00000000fffc0000-0x00000000ffffffff] reserved
[    0.000000] NX (Execute Disable) protection: active
[    0.000000] SMBIOS 2.5 present.
[    0.000000] Hypervisor detected: KVM
[    0.000000] e820: last_pfn = 0x1fff0 max_arch_pfn = 0x400000000
[    0.000000] MTRR: Disabled
[    0.000000] x86/PAT: MTRRs disabled, skipping PAT initialization too.
[    0.000000] CPU MTRRs all blank - virtualized system.
[    0.000000] x86/PAT: Configuration [0-7]: WB  WT  UC- UC  WB  WT  UC- UC  
[    0.000000] found SMP MP-table at [mem 0x0009fff0-0x0009ffff] mapped at [ffff88000009fff0]
[    0.000000] Scanning 1 areas for low memory corruption
[    0.000000] RAMDISK: [mem 0x1e89f000-0x1f727fff]
[    0.000000] ACPI: Early table checksum verification disabled
[    0.000000] ACPI: RSDP 0x00000000000E0000 000024 (v02 VBOX  )
[    0.000000] ACPI: XSDT 0x000000001FFF0030 00003C (v01 VBOX   VBOXXSDT 00000001 ASL  00000061)
[    0.000000] ACPI: FACP 0x000000001FFF00F0 0000F4 (v04 VBOX   VBOXFACP 00000001 ASL  00000061)
[    0.000000] ACPI: DSDT 0x000000001FFF0470 002325 (v02 VBOX   VBOXBIOS 00000002 INTL 20100528)
[    0.000000] ACPI: FACS 0x000000001FFF0200 000040
[    0.000000] ACPI: FACS 0x000000001FFF0200 000040
[    0.000000] ACPI: APIC 0x000000001FFF0240 000054 (v02 VBOX   VBOXAPIC 00000001 ASL  00000061)
[    0.000000] ACPI: SSDT 0x000000001FFF02A0 0001CC (v01 VBOX   VBOXCPUT 00000002 INTL 20100528)
[    0.000000] No NUMA configuration found
[    0.000000] Faking a node at [mem 0x0000000000000000-0x000000001ffeffff]
[    0.000000] NODE_DATA(0) allocated [mem 0x1ffeb000-0x1ffeffff]
[    0.000000] kvm-clock: Using msrs 4b564d01 and 4b564d00
[    0.000000] kvm-clock: cpu 0, msr 0:1ffe3001, primary cpu clock
[    0.000000] kvm-clock: using sched offset of 4026270845 cycles
[    0.000000] clocksource: kvm-clock: mask: 0xffffffffffffffff max_cycles: 0x1cd42e4dffb, max_idle_ns: 881590591483 ns
[    0.000000] Zone ranges:
[    0.000000]   DMA      [mem 0x0000000000001000-0x0000000000ffffff]
[    0.000000]   DMA32    [mem 0x0000000001000000-0x000000001ffeffff]
[    0.000000]   Normal   empty
[    0.000000]   Device   empty
[    0.000000] Movable zone start for each node
[    0.000000] Early memory node ranges
[    0.000000]   node   0: [mem 0x0000000000001000-0x000000000009efff]
[    0.000000]   node   0: [mem 0x0000000000100000-0x000000001ffeffff]
[    0.000000] Initmem setup node 0 [mem 0x0000000000001000-0x000000001ffeffff]
[    0.000000] ACPI: PM-Timer IO Port: 0x4008
[    0.000000] IOAPIC[0]: apic_id 1, version 32, address 0xfec00000, GSI 0-23
[    0.000000] ACPI: INT_SRC_OVR (bus 0 bus_irq 0 global_irq 2 dfl dfl)
[    0.000000] ACPI: INT_SRC_OVR (bus 0 bus_irq 9 global_irq 9 low level)
[    0.000000] Using ACPI (MADT) for SMP configuration information
[    0.000000] smpboot: Allowing 1 CPUs, 0 hotplug CPUs
[    0.000000] PM: Registered nosave memory: [mem 0x00000000-0x00000fff]
[    0.000000] PM: Registered nosave memory: [mem 0x0009f000-0x0009ffff]
[    0.000000] PM: Registered nosave memory: [mem 0x000a0000-0x000effff]
[    0.000000] PM: Registered nosave memory: [mem 0x000f0000-0x000fffff]
[    0.000000] e820: [mem 0x20000000-0xfebfffff] available for PCI devices
[    0.000000] Booting paravirtualized kernel on KVM
[    0.000000] clocksource: refined-jiffies: mask: 0xffffffff max_cycles: 0xffffffff, max_idle_ns: 7645519600211568 ns
[    0.000000] setup_percpu: NR_CPUS:512 nr_cpumask_bits:512 nr_cpu_ids:1 nr_node_ids:1
[    0.000000] PERCPU: Embedded 33 pages/cpu @ffff88001fc00000 s95448 r8192 d31528 u2097152
[    0.000000] Built 1 zonelists in Node order, mobility grouping on.  Total pages: 128888
[    0.000000] Policy zone: DMA32
[    0.000000] Kernel command line: BOOT_IMAGE=/boot/vmlinuz-4.4.0-176-generic root=LABEL=cloudimg-rootfs ro console=tty1 console=ttyS0
[    0.000000] PID hash table entries: 2048 (order: 2, 16384 bytes)
[    0.000000] Memory: 481720K/523832K available (8626K kernel code, 1336K rwdata, 4032K rodata, 1488K init, 1292K bss, 42112K reserved, 0K cma-reserved)
[    0.000000] SLUB: HWalign=64, Order=0-3, MinObjects=0, CPUs=1, Nodes=1
[    0.000000] Kernel/User page tables isolation: enabled
[    0.000000] Hierarchical RCU implementation.
[    0.000000] 	Build-time adjustment of leaf fanout to 64.
[    0.000000] 	RCU restricting CPUs from NR_CPUS=512 to nr_cpu_ids=1.
[    0.000000] RCU: Adjusting geometry for rcu_fanout_leaf=64, nr_cpu_ids=1
[    0.000000] NR_IRQS:33024 nr_irqs:256 16
[    0.000000] Console: colour VGA+ 80x25
[    0.000000] console [tty1] enabled
[    0.000000] console [ttyS0] enabled
[    0.000000] tsc: Detected 2304.004 MHz processor
[    0.147910] Calibrating delay loop (skipped) preset value.. 4608.00 BogoMIPS (lpj=9216016)
[    0.149661] pid_max: default: 32768 minimum: 301
[    0.150599] ACPI: Core revision 20150930
[    0.153395] ACPI: 2 ACPI AML tables successfully acquired and loaded
[    0.154872] Security Framework initialized
[    0.155852] Yama: becoming mindful.
[    0.156630] AppArmor: AppArmor initialized
[    0.157628] Dentry cache hash table entries: 65536 (order: 7, 524288 bytes)
[    0.159005] Inode-cache hash table entries: 32768 (order: 6, 262144 bytes)
[    0.160385] Mount-cache hash table entries: 1024 (order: 1, 8192 bytes)
[    0.161672] Mountpoint-cache hash table entries: 1024 (order: 1, 8192 bytes)
[    0.163058] Initializing cgroup subsys io
[    0.163952] Initializing cgroup subsys memory
[    0.164833] Initializing cgroup subsys devices
[    0.165705] Initializing cgroup subsys freezer
[    0.166624] Initializing cgroup subsys net_cls
[    0.167615] Initializing cgroup subsys perf_event
[    0.168600] Initializing cgroup subsys net_prio
[    0.169559] Initializing cgroup subsys hugetlb
[    0.170468] Initializing cgroup subsys pids
[    0.172324] mce: CPU supports 0 MCE banks
[    0.173188] process: using mwait in idle threads
[    0.174245] Last level iTLB entries: 4KB 64, 2MB 8, 4MB 8
[    0.175333] Last level dTLB entries: 4KB 64, 2MB 0, 4MB 0, 1GB 4
[    0.176484] Spectre V1 : Mitigation: usercopy/swapgs barriers and __user pointer sanitization
[    0.178142] Spectre V2 : Mitigation: Full generic retpoline
[    0.179306] Spectre V2 : Spectre v2 / SpectreRSB mitigation: Filling RSB on context switch
[    0.180954] Speculative Store Bypass: Vulnerable
[    0.181957] MDS: Mitigation: Clear CPU buffers
[    0.203795] Freeing SMP alternatives memory: 36K
[    0.210586] ftrace: allocating 32305 entries in 127 pages
[    0.268013] smpboot: APIC(0) Converting physical 0 to logical package 0
[    0.269237] smpboot: Max logical packages: 1
[    0.270378] x2apic enabled
[    0.271289] Switched APIC routing to physical x2apic.
[    0.273366] ..TIMER: vector=0x30 apic1=0 pin1=2 apic2=-1 pin2=-1
[    0.382527] smpboot: CPU0: Intel(R) Core(TM) i5-8300H CPU @ 2.30GHz (family: 0x6, model: 0x9e, stepping: 0xa)
[    0.384818] Performance Events: unsupported p6 CPU model 158 no PMU driver, software events only.
[    0.394977] KVM setup paravirtual spinlock
[    0.396273] x86: Booted up 1 node, 1 CPUs
[    0.397159] smpboot: Total of 1 processors activated (4608.00 BogoMIPS)
[    0.398619] devtmpfs: initialized
[    0.400540] evm: security.selinux
[    0.401352] evm: security.SMACK64
[    0.402081] evm: security.SMACK64EXEC
[    0.402876] evm: security.SMACK64TRANSMUTE
[    0.403800] evm: security.SMACK64MMAP
[    0.404624] evm: security.ima
[    0.405433] evm: security.capability
[    0.406330] clocksource: jiffies: mask: 0xffffffff max_cycles: 0xffffffff, max_idle_ns: 7645041785100000 ns
[    0.408273] futex hash table entries: 256 (order: 2, 16384 bytes)
[    0.409490] pinctrl core: initialized pinctrl subsystem
[    0.410743] RTC time: 10:22:51, date: 04/20/20
[    0.411823] NET: Registered protocol family 16
[    0.412862] cpuidle: using governor ladder
[    0.413718] cpuidle: using governor menu
[    0.414780] PCCT header not found.
[    0.415621] ACPI: bus type PCI registered
[    0.416503] acpiphp: ACPI Hot Plug PCI Controller Driver version: 0.5
[    0.417921] PCI: Using configuration type 1 for base access
[    0.441683] ACPI: Added _OSI(Module Device)
[    0.442647] ACPI: Added _OSI(Processor Device)
[    0.443596] ACPI: Added _OSI(3.0 _SCP Extensions)
[    0.444586] ACPI: Added _OSI(Processor Aggregator Device)
[    0.446166] ACPI: Executed 1 blocks of module-level executable AML code
[    0.449576] ACPI: Interpreter enabled
[    0.450419] ACPI: (supports S0 S5)
[    0.451218] ACPI: Using IOAPIC for interrupt routing
[    0.452393] PCI: Using host bridge windows from ACPI; if necessary, use "pci=nocrs" and report a bug
[    0.457529] ACPI: PCI Root Bridge [PCI0] (domain 0000 [bus 00-ff])
[    0.458695] acpi PNP0A03:00: _OSC: OS supports [ASPM ClockPM Segments MSI]
[    0.460302] acpi PNP0A03:00: _OSC: not requesting OS control; OS requires [ExtendedConfig ASPM ClockPM MSI]
[    0.462256] acpi PNP0A03:00: fail to add MMCONFIG information, can't access extended PCI configuration space under this bridge.
[    0.464771] PCI host bridge to bus 0000:00
[    0.465638] pci_bus 0000:00: root bus resource [io  0x0000-0x0cf7 window]
[    0.466898] pci_bus 0000:00: root bus resource [io  0x0d00-0xffff window]
[    0.468124] pci_bus 0000:00: root bus resource [mem 0x000a0000-0x000bffff window]
[    0.469750] pci_bus 0000:00: root bus resource [mem 0x20000000-0xfdffffff window]
[    0.471346] pci_bus 0000:00: root bus resource [bus 00-ff]
[    0.474077] pci 0000:00:01.1: legacy IDE quirk: reg 0x10: [io  0x01f0-0x01f7]
[    0.475402] pci 0000:00:01.1: legacy IDE quirk: reg 0x14: [io  0x03f6]
[    0.476553] pci 0000:00:01.1: legacy IDE quirk: reg 0x18: [io  0x0170-0x0177]
[    0.478048] pci 0000:00:01.1: legacy IDE quirk: reg 0x1c: [io  0x0376]
[    0.485510] pci 0000:00:07.0: quirk: [io  0x4000-0x403f] claimed by PIIX4 ACPI
[    0.495277] pci 0000:00:07.0: quirk: [io  0x4100-0x410f] claimed by PIIX4 SMB
[    0.500581] ACPI: PCI Interrupt Link [LNKA] (IRQs 5 9 10 *11)
[    0.502591] ACPI: PCI Interrupt Link [LNKB] (IRQs 5 9 *10 11)
[    0.504355] ACPI: PCI Interrupt Link [LNKC] (IRQs 5 *9 10 11)
[    0.506289] ACPI: PCI Interrupt Link [LNKD] (IRQs 5 9 10 *11)
[    0.508107] ACPI: Enabled 2 GPEs in block 00 to 07
[    0.509425] vgaarb: setting as boot device: PCI:0000:00:02.0
[    0.510530] vgaarb: device added: PCI:0000:00:02.0,decodes=io+mem,owns=io+mem,locks=none
[    0.512235] vgaarb: loaded
[    0.512904] vgaarb: bridge control possible 0000:00:02.0
[    0.514237] SCSI subsystem initialized
[    0.515118] ACPI: bus type USB registered
[    0.515989] usbcore: registered new interface driver usbfs
[    0.517117] usbcore: registered new interface driver hub
[    0.518181] usbcore: registered new device driver usb
[    0.519340] PCI: Using ACPI for IRQ routing
[    0.520495] NetLabel: Initializing
[    0.521263] NetLabel:  domain hash size = 128
[    0.522177] NetLabel:  protocols = UNLABELED CIPSOv4
[    0.523194] NetLabel:  unlabeled traffic allowed by default
[    0.524438] amd_nb: Cannot enumerate AMD northbridges
[    0.525472] clocksource: Switched to clocksource kvm-clock
[    0.552268] AppArmor: AppArmor Filesystem Enabled
[    0.553224] pnp: PnP ACPI init
[    0.554697] pnp: PnP ACPI: found 3 devices
[    0.561029] clocksource: acpi_pm: mask: 0xffffff max_cycles: 0xffffff, max_idle_ns: 2085701024 ns
[    0.562840] NET: Registered protocol family 2
[    0.563888] TCP established hash table entries: 4096 (order: 3, 32768 bytes)
[    0.565379] TCP bind hash table entries: 4096 (order: 4, 65536 bytes)
[    0.566619] TCP: Hash tables configured (established 4096 bind 4096)
[    0.567843] UDP hash table entries: 256 (order: 1, 8192 bytes)
[    0.568990] UDP-Lite hash table entries: 256 (order: 1, 8192 bytes)
[    0.570257] NET: Registered protocol family 1
[    0.571175] pci 0000:00:00.0: Limiting direct PCI/PCI transfers
[    0.572297] pci 0000:00:01.0: Activating ISA DMA hang workarounds
[    0.573574] Unpacking initramfs...
[    1.397979] Freeing initrd memory: 14884K
[    1.398945] clocksource: tsc: mask: 0xffffffffffffffff max_cycles: 0x2135fb8e938, max_idle_ns: 440795220508 ns
[    1.400909] platform rtc_cmos: registered platform RTC device (no PNP device found)
[    1.402507] Scanning for low memory corruption every 60 seconds
[    1.403837] audit: initializing netlink subsys (disabled)
[    1.404913] audit: type=2000 audit(1587378177.976:1): initialized
[    1.406358] Initialise system trusted keyring
[    1.407333] HugeTLB registered 2 MB page size, pre-allocated 0 pages
[    1.409550] zbud: loaded
[    1.410445] VFS: Disk quotas dquot_6.6.0
[    1.411339] VFS: Dquot-cache hash table entries: 512 (order 0, 4096 bytes)
[    1.412790] squashfs: version 4.0 (2009/01/31) Phillip Lougher
[    1.414067] fuse init (API version 7.23)
[    1.414952] Key type big_key registered
[    1.415767] Allocating IMA MOK and blacklist keyrings.
[    1.417169] Key type asymmetric registered
[    1.417990] Asymmetric key parser 'x509' registered
[    1.418987] Block layer SCSI generic (bsg) driver version 0.4 loaded (major 249)
[    1.420524] io scheduler noop registered
[    1.421392] io scheduler deadline registered (default)
[    1.422442] io scheduler cfq registered
[    1.423351] pci_hotplug: PCI Hot Plug PCI Core version: 0.5
[    1.424469] pciehp: PCI Express Hot Plug Controller Driver version: 0.4
[    1.425831] ACPI: AC Adapter [AC] (on-line)
[    1.426753] input: Power Button as /devices/LNXSYSTM:00/LNXPWRBN:00/input/input0
[    1.428333] ACPI: Power Button [PWRF]
[    1.429211] input: Sleep Button as /devices/LNXSYSTM:00/LNXSLPBN:00/input/input1
[    1.430750] ACPI: Sleep Button [SLPF]
[    1.432135] ACPI: Battery Slot [BAT0] (battery present)
[    1.433164] GHES: HEST is not enabled!
[    1.434103] Serial: 8250/16550 driver, 32 ports, IRQ sharing enabled
[    1.455804] 00:02: ttyS0 at I/O 0x3f8 (irq = 4, base_baud = 115200) is a 16550A
[    1.458217] Linux agpgart interface v0.103
[    1.462295] loop: module loaded
[    1.463471] scsi host0: ata_piix
[    1.464293] scsi host1: ata_piix
[    1.465078] ata1: PATA max UDMA/33 cmd 0x1f0 ctl 0x3f6 bmdma 0xd000 irq 14
[    1.466459] ata2: PATA max UDMA/33 cmd 0x170 ctl 0x376 bmdma 0xd008 irq 15
[    1.468203] libphy: Fixed MDIO Bus: probed
[    1.469163] tun: Universal TUN/TAP device driver, 1.6
[    1.470228] tun: (C) 1999-2004 Max Krasnyansky <maxk@qualcomm.com>
[    1.471420] PPP generic driver version 2.4.2
[    1.472413] ehci_hcd: USB 2.0 'Enhanced' Host Controller (EHCI) Driver
[    1.473694] ehci-pci: EHCI PCI platform driver
[    1.474635] ehci-platform: EHCI generic platform driver
[    1.475742] ohci_hcd: USB 1.1 'Open' Host Controller (OHCI) Driver
[    1.476945] ohci-pci: OHCI PCI platform driver
[    1.477915] ohci-platform: OHCI generic platform driver
[    1.479004] uhci_hcd: USB Universal Host Controller Interface driver
[    1.480350] i8042: PNP: PS/2 Controller [PNP0303:PS2K,PNP0f03:PS2M] at 0x60,0x64 irq 1,12
[    1.482566] serio: i8042 KBD port at 0x60,0x64 irq 1
[    1.483618] serio: i8042 AUX port at 0x60,0x64 irq 12
[    1.484785] mousedev: PS/2 mouse device common for all mice
[    1.486185] input: AT Translated Set 2 keyboard as /devices/platform/i8042/serio0/input/input2
[    1.488440] rtc_cmos rtc_cmos: rtc core: registered rtc_cmos as rtc0
[    1.489764] rtc_cmos rtc_cmos: alarms up to one day, 114 bytes nvram
[    1.490971] i2c /dev entries driver
[    1.491808] device-mapper: uevent: version 1.0.3
[    1.492830] device-mapper: ioctl: 4.34.0-ioctl (2015-10-28) initialised: dm-devel@redhat.com
[    1.494666] ledtrig-cpu: registered to indicate activity on CPUs
[    1.495967] NET: Registered protocol family 10
[    1.497011] NET: Registered protocol family 17
[    1.498154] Key type dns_resolver registered
[    1.499258] registered taskstats version 1
[    1.500133] Loading compiled-in X.509 certificates
[    1.501618] Loaded X.509 cert 'Build time autogenerated kernel key: c2b7431ed9258328a3a0cf301f850647788d8e61'
[    1.503644] zswap: loaded using pool lzo/zbud
[    1.505618] Key type trusted registered
[    1.508373] Key type encrypted registered
[    1.509235] AppArmor: AppArmor sha1 policy hashing enabled
[    1.510377] ima: No TPM chip found, activating TPM-bypass!
[    1.511474] ima: Allocated hash algorithm: sha1
[    1.512406] evm: HMAC attrs: 0x1
[    1.513373]   Magic number: 0:373:376
[    1.514235] rtc_cmos rtc_cmos: setting system clock to 2020-04-20 10:22:52 UTC (1587378172)
[    1.515934] BIOS EDD facility v0.16 2004-Jun-25, 0 devices found
[    1.517116] EDD information not available.
[    1.649137] Freeing unused kernel memory: 1488K
[    1.650683] Write protecting the kernel read-only data: 14336k
[    1.652581] Freeing unused kernel memory: 1604K
[    1.653897] Freeing unused kernel memory: 64K
Loading, please wait...
starting version 229
[    1.664670] random: udevadm: uninitialized urandom read (16 bytes read, 3 bits of entropy available)
[    1.666931] random: systemd-udevd: uninitialized urandom read (16 bytes read, 3 bits of entropy available)
[    1.668906] random: systemd-udevd: uninitialized urandom read (16 bytes read, 3 bits of entropy available)
[    1.671020] random: systemd-udevd: uninitialized urandom read (16 bytes read, 3 bits of entropy available)
[    1.672936] random: systemd-udevd: uninitialized urandom read (16 bytes read, 3 bits of entropy available)
[    1.675047] random: udevadm: uninitialized urandom read (16 bytes read, 3 bits of entropy available)
[    1.685024] random: systemd-udevd: uninitialized urandom read (16 bytes read, 3 bits of entropy available)
[    1.687637] random: systemd-udevd: uninitialized urandom read (16 bytes read, 3 bits of entropy available)
[    1.689509] random: systemd-udevd: uninitialized urandom read (16 bytes read, 3 bits of entropy available)
[    1.697843] random: systemd-udevd: uninitialized urandom read (16 bytes read, 3 bits of entropy available)
[    1.752923] e1000: Intel(R) PRO/1000 Network Driver - version 7.3.21-k8-NAPI
[    1.754400] e1000: Copyright (c) 1999-2006 Intel Corporation.
[    1.758895] Fusion MPT base driver 3.04.20
[    1.759795] Copyright (c) 1999-2008 LSI Corporation
[    1.770670] Fusion MPT SPI Host driver 3.04.20
[    1.786405] mptbase: ioc0: Initiating bringup
[    1.794764] AVX2 version of gcm_enc/dec engaged.
[    1.795737] AES CTR mode by8 optimization enabled
[    1.849953] ioc0: LSI53C1030 A0: Capabilities={Initiator}
[    1.968072] input: ImExPS/2 Generic Explorer Mouse as /devices/platform/i8042/serio1/input/input4
[    2.020789] scsi host2: ioc0: LSI53C1030 A0, FwRev=00000000h, Ports=1, MaxQ=256, IRQ=20
[    2.137839] scsi 2:0:0:0: Direct-Access     VBOX     HARDDISK         1.0  PQ: 0 ANSI: 5
[    2.143924] scsi target2:0:0: Beginning Domain Validation
[    2.151551] scsi target2:0:0: Domain Validation skipping write tests
[    2.154341] scsi target2:0:0: Ending Domain Validation
[    2.156485] scsi target2:0:0: asynchronous
[    2.159291] scsi 2:0:1:0: Direct-Access     VBOX     HARDDISK         1.0  PQ: 0 ANSI: 5
[    2.161992] scsi target2:0:1: Beginning Domain Validation
[    2.219690] scsi target2:0:1: Domain Validation skipping write tests
[    2.221082] scsi target2:0:1: Ending Domain Validation
[    2.226317] scsi target2:0:1: asynchronous
[    2.367298] sd 2:0:0:0: Attached scsi generic sg0 type 0
[    2.368544] sd 2:0:0:0: [sda] 20971520 512-byte logical blocks: (10.7 GB/10.0 GiB)
[    2.370252] sd 2:0:1:0: Attached scsi generic sg1 type 0
[    2.379934] sd 2:0:1:0: [sdb] 20480 512-byte logical blocks: (10.5 MB/10.0 MiB)
[    2.381778] sd 2:0:0:0: [sda] Write Protect is off
[    2.383060] sd 2:0:1:0: [sdb] Write Protect is off
[    2.388501] sd 2:0:0:0: [sda] Incomplete mode parameter data
[    2.389736] sd 2:0:0:0: [sda] Assuming drive cache: write through
[    2.390923] sd 2:0:1:0: [sdb] Incomplete mode parameter data
[    2.392071] sd 2:0:1:0: [sdb] Assuming drive cache: write through
[    2.402558]  sda: sda1
[    2.403634] sd 2:0:0:0: [sda] Attached SCSI disk
[    2.413890] sd 2:0:1:0: [sdb] Attached SCSI disk
[    2.525796] e1000 0000:00:03.0 eth0: (PCI:33MHz:32-bit) 02:85:ff:9d:c0:81
[    2.527204] e1000 0000:00:03.0 eth0: Intel(R) PRO/1000 Network Connection
[    2.878773] e1000 0000:00:08.0 eth1: (PCI:33MHz:32-bit) 08:00:27:f1:43:c0
[    2.880368] e1000 0000:00:08.0 eth1: Intel(R) PRO/1000 Network Connection
[    2.882460] e1000 0000:00:08.0 enp0s8: renamed from eth1
[    2.885165] e1000 0000:00:03.0 enp0s3: renamed from eth0
Begin: Loading essential drivers ... [    4.206590] md: linear personality registered for level -1
[    4.209557] md: multipath personality registered for level -4
[    4.212532] md: raid0 personality registered for level 0
[    4.216219] md: raid1 personality registered for level 1
[    4.285621] raid6: sse2x1   gen() 12669 MB/s
[    4.367508] raid6: sse2x1   xor()  9578 MB/s
[    4.434113] raid6: sse2x2   gen() 16873 MB/s
[    4.501504] raid6: sse2x2   xor() 11503 MB/s
[    4.569856] raid6: sse2x4   gen() 17187 MB/s
[    4.637495] raid6: sse2x4   xor() 12503 MB/s
[    4.705659] raid6: avx2x1   gen() 26566 MB/s
[    4.773730] raid6: avx2x2   gen() 29900 MB/s
[    4.841837] raid6: avx2x4   gen() 32586 MB/s
[    4.842740] raid6: using algorithm avx2x4 gen() 32586 MB/s
[    4.843853] raid6: using avx2x2 recovery algorithm
[    4.846151] xor: automatically using best checksumming function:
[    4.886074]    avx       : 30478.000 MB/sec
[    4.888065] async_tx: api initialized (async)
[    4.897511] md: raid6 personality registered for level 6
[    4.898576] md: raid5 personality registered for level 5
[    4.899591] md: raid4 personality registered for level 4
[    4.905026] md: raid10 personality registered for level 10
done.
Begin: Running /scripts/init-premount ... done.
Begin: Mounting root file system ... Begin: Running /scripts/local-top ... done.
Begin: Running /scripts/local-premount ... [    4.933042] Btrfs loaded
Scanning for Btrfs filesystems
done.
Warning: fsck not present, so skipping root file system
[    4.985069] EXT4-fs (sda1): mounted filesystem with ordered data mode. Opts: (null)
done.
Begin: Running /scripts/local-bottom ... done.
Begin: Running /scripts/init-bottom ... done.
[    5.137730] systemd[1]: systemd 229 running in system mode. (+PAM +AUDIT +SELINUX +IMA +APPARMOR +SMACK +SYSVINIT +UTMP +LIBCRYPTSETUP +GCRYPT +GNUTLS +ACL +XZ -LZ4 +SECCOMP +BLKID +ELFUTILS +KMOD -IDN)
[    5.141222] systemd[1]: Detected virtualization oracle.
[    5.142295] systemd[1]: Detected architecture x86-64.

Welcome to [1mUbuntu 16.04.6 LTS[0m!

[    5.154997] systemd[1]: Set hostname to <web1>.
[    5.309309] systemd[1]: Reached target Swap.
[[0;32m  OK  [0m] Reached target Swap.
[    5.310974] systemd[1]: Listening on udev Kernel Socket.
[[0;32m  OK  [0m] Listening on udev Kernel Socket.
[    5.312796] systemd[1]: Listening on Device-mapper event daemon FIFOs.
[[0;32m  OK  [0m] Listening on Device-mapper event daemon FIFOs.
[    5.351082] systemd[1]: Listening on LVM2 poll daemon socket.
[[0;32m  OK  [0m] Listening on LVM2 poll daemon socket.
[    5.353783] systemd[1]: Listening on Journal Audit Socket.
[[0;32m  OK  [0m] Listening on Journal Audit Socket.
[    5.356063] systemd[1]: Started Forward Password Requests to Wall Directory Watch.
[[0;32m  OK  [0m] Started Forward Password Requests to Wall Directory Watch.
[    5.366460] systemd[1]: Created slice User and Session Slice.
[[0;32m  OK  [0m] Created slice User and Session Slice.
[    5.374146] systemd[1]: Listening on Journal Socket (/dev/log).
[[0;32m  OK  [0m] Listening on Journal Socket (/dev/log).
[    5.381856] systemd[1]: Listening on Syslog Socket.
[[0;32m  OK  [0m] Listening on Syslog Socket.
[    5.389676] systemd[1]: Listening on Journal Socket.
[[0;32m  OK  [0m] Listening on Journal Socket.
[    5.397622] systemd[1]: Reached target System Time Synchronized.
[[0;32m  OK  [0m] Reached target System Time Synchronized.
[    5.406278] systemd[1]: Reached target Encrypted Volumes.
[[0;32m  OK  [0m] Reached target Encrypted Volumes.
[    5.408722] systemd[1]: Listening on udev Control Socket.
[[0;32m  OK  [0m] Listening on udev Control Socket.
[    5.411011] systemd[1]: Listening on /dev/initctl Compatibility Named Pipe.
[[0;32m  OK  [0m] Listening on /dev/initctl Compatibility Named Pipe.
[    5.418360] systemd[1]: Listening on LVM2 metadata daemon socket.
[[0;32m  OK  [0m] Listening on LVM2 metadata daemon socket.
[    5.425622] systemd[1]: Reached target User and Group Name Lookups.
[[0;32m  OK  [0m] Reached target User and Group Name Lookups.
[    5.427664] systemd[1]: Started Trigger resolvconf update for networkd DNS.
[[0;32m  OK  [0m] Started Trigger resolvconf update for networkd DNS.
[    5.429756] systemd[1]: Set up automount Arbitrary Executable File Formats File System Automount Point.
[[0;32m  OK  [0m] Set up automount Arbitrary Executab...ats File System Automount Point.
[    5.438383] systemd[1]: Created slice System Slice.
[[0;32m  OK  [0m] Created slice System Slice.
[    5.449522] systemd[1]: Mounting Huge Pages File System...
         Mounting Huge Pages File System...
[    5.458083] systemd[1]: Starting Remount Root and Kernel File Systems...
         Starting Remount Root and Kernel File Systems...
[    5.460924] systemd[1]: Starting Create list of required static device nodes for the current kernel...
[    5.464974] EXT4-fs (sda1): re-mounted. Opts: (null)
         Starting Create list of required st... nodes for the current kernel...
[    5.469181] systemd[1]: Starting Load Kernel Modules...
         Starting Load Kernel Modules...
[    5.471701] systemd[1]: Mounting POSIX Message Queue File System...
         Mounting POSIX Message Queue File System...
[    5.477109] systemd[1]: Mounting Debug File System...
         Mounting Debug File System...
[    5.482001] Loading iSCSI transport class v2.0-870.
[    5.483540] systemd[1]: Starting Monitoring of LVM2 mirrors, snapshots etc. using dmeventd or progress polling...
         Starting Monitoring of LVM2 mirrors... dmeventd or progress polling...
[    5.489750] systemd[1]: Starting Set console keymap...
         Starting Set console keymap...
[    5.494747] systemd[1]: Starting Journal Service...
         Starting Journal Service...
[    5.496481] iscsi: registered transport (tcp)
[    5.499364] systemd[1]: Created slice system-serial\x2dgetty.slice.
[[0;32m  OK  [0m] Created slice system-serial\x2dgetty.slice.
[    5.502821] systemd[1]: Starting Nameserver information manager...
         Starting Nameserver information manager...
[    5.514412] systemd[1]: Reached target Slices.
[[0;32m  OK  [0m] Reached target Slices.
[    5.518136] systemd[1]: Starting Uncomplicated firewall...
         Starting Uncomplicated firewall...
[    5.523997] systemd[1]: Mounted Huge Pages File System.
[[0;32m  OK  [0m] Mounted Huge Pages File System.
[    5.525841] systemd[1]: Mounted Debug File System.
[[0;32m  OK  [0m] Mounted Debug File System.
[    5.529303] systemd[1]: Mounted POSIX Message Queue File System.
[[0;32m  OK  [0m] Mounted POSIX Message Queue File System.
[    5.534117] systemd[1]: Started Remount Root and Kernel File Systems.
[[0;32m  OK  [0m] Started Remount Root and Kernel File Systems.
[    5.542034] systemd[1]: Started Create list of required static device nodes for the current kernel.
[[0;32m  OK  [0m] Started Create list of required sta...ce nodes for the current kernel.
[    5.545250] systemd[1]: Started Uncomplicated firewall.
[[0;32m  OK  [0m] Started Uncomplicated firewall.
[    5.549234] systemd[1]: Started LVM2 metadata daemon.
[[0;32m  OK  [0m] Started LVM2 metadata daemon.
[    5.556306] systemd[1]: Starting Create Static Device Nodes in /dev...
         Starting Create Static Device Nodes in /dev...
[    5.566664] systemd[1]: Starting udev Coldplug all Devices...
         Starting udev Coldplug all Devices...
[    5.570283] systemd[1]: Starting Load/Save Random Seed...
         Starting Load/Save Random Seed...
[    5.578512] systemd[1]: Started Nameserver information manager.
[[0;32m  OK  [0m] Started Nameserver information manager.
[    5.586157] systemd[1]: Started Load/Save Random Seed.
[[0;32m  OK  [0m] Started Load/Save Random Seed.
[    5.602270] systemd[1]: Started Create Static Device Nodes in /dev.
[[0;32m  OK  [0m] Started Create Static Device Nodes in /dev.
[    5.605196] systemd[1]: Starting udev Kernel Device Manager...
         Starting udev Kernel Device Manager...
[    5.611915] systemd[1]: Started Journal Service.
[[0;32m  OK  [0m] Started Journal Service.
         Starting Flush Journal to Persistent Storage...
[    5.633411] systemd-journald[402]: Received request to flush runtime journal from PID 1
[    5.646107] iscsi: registered transport (iser)
[[0;32m  OK  [0m] Started Flush Journal to Persistent Storage.
[[0;32m  OK  [0m] Started Load Kernel Modules.
         Starting Apply Kernel Variables...
         Mounting FUSE Control File System...
[[0;32m  OK  [0m] Mounted FUSE Control File System.
[[0;32m  OK  [0m] Started Apply Kernel Variables.
[[0;32m  OK  [0m] Started udev Kernel Device Manager.
[[0;32m  OK  [0m] Started udev Coldplug all Devices.
[[0;32m  OK  [0m] Started Set console keymap.
[[0;32m  OK  [0m] Started Dispatch Password Requests to Console Directory Watch.
[[0;32m  OK  [0m] Started Monitoring of LVM2 mirrors,...ng dmeventd or progress polling.
[[0;32m  OK  [0m] Reached target Local File Systems (Pre).
[[0;32m  OK  [0m] Reached target Local File Systems.
         Starting Initial cloud-init job (pre-networking)...
         Starting Set console font and keymap...
         Starting Tell Plymouth To Write Out Runtime Data...
         Starting Create Volatile Files and Directories...
         Starting LSB: AppArmor initialization...
[[0;32m  OK  [0m] Started Tell Plymouth To Write Out Runtime Data.
[[0;32m  OK  [0m] Started Create Volatile Files and Directories.
         Starting Update UTMP about System Boot/Shutdown...
[[0;32m  OK  [0m] Started Update UTMP about System Boot/Shutdown.
[[0;32m  OK  [0m] Found device /dev/ttyS0.
[[0;32m  OK  [0m] Started LSB: AppArmor initialization.
[[0;32m  OK  [0m] Listening on Load/Save RF Kill Switch Status /dev/rfkill Watch.
[[0;32m  OK  [0m] Found device 82540EM Gigabit Ethern...r (PRO/1000 MT Desktop Adapter).
[[0;32m  OK  [0m] Found device 82540EM Gigabit Ethern...r (PRO/1000 MT Desktop Adapter).
[[0;32m  OK  [0m] Started Set console font and keymap.
[[0;32m  OK  [0m] Created slice system-getty.slice.
[    7.284853] cloud-init[494]: Cloud-init v. 19.4-33-gbb4131a2-0ubuntu1~16.04.1 running 'init-local' at Mon, 20 Apr 2020 10:22:57 +0000. Up 6.79 seconds.
[[0;32m  OK  [0m] Started Initial cloud-init job (pre-networking).
[[0;32m  OK  [0m] Reached target Network (Pre).
[[0;32m  OK  [0m] Started ifup for enp0s8.
[[0;32m  OK  [0m] Started ifup for enp0s3.
         Starting Raise network interfaces...
[[0;32m  OK  [0m] Started Raise network interfaces.
[[0;32m  OK  [0m] Reached target Network.
         Starting Initial cloud-init job (metadata service crawler)...
[    8.145623] cloud-init[1091]: Cloud-init v. 19.4-33-gbb4131a2-0ubuntu1~16.04.1 running 'init' at Mon, 20 Apr 2020 10:22:59 +0000. Up 7.84 seconds.
[    8.158390] cloud-init[1091]: ci-info: ++++++++++++++++++++++++++++++++++++++Net device info+++++++++++++++++++++++++++++++++++++++
[    8.164722] cloud-init[1091]: ci-info: +--------+------+-----------------------------+---------------+--------+-------------------+
[    8.172528] cloud-init[1091]: ci-info: | Device |  Up  |           Address           |      Mask     | Scope  |     Hw-Address    |
[    8.180358] cloud-init[1091]: ci-info: +--------+------+-----------------------------+---------------+--------+-------------------+
[    8.181366] cloud-init[1091]: ci-info: | enp0s3 | True |          10.0.2.15          | 255.255.255.0 | global | 02:85:ff:9d:c0:81 |
[    8.182205] cloud-init[1091]: ci-info: | enp0s3 | True |  fe80::85:ffff:fe9d:c081/64 |       .       |  link  | 02:85:ff:9d:c0:81 |
[    8.188317] cloud-init[1091]: ci-info: | enp0s8 | True |        192.168.34.90        | 255.255.255.0 | global | 08:00:27:f1:43:c0 |
[    8.189384] cloud-init[1091]: ci-info: | enp0s8 | True | fe80::a00:27ff:fef1:43c0/64 |       .       |  link  | 08:00:27:f1:43:c0 |
[    8.196345] cloud-init[1091]: ci-info: |   lo   | True |          127.0.0.1          |   255.0.0.0   |  host  |         .         |
[    8.204330] cloud-init[1091]: ci-info: |   lo   | True |           ::1/128           |       .       |  host  |         .         |
[[0;32m  OK  [0m] Started Initial cloud-init job (metadata service crawler).
[[0;32m  OK  [0m] Reached target System Initialization.
[[0;32m  OK  [0m] Listening on UUID daemon activation socket.
[    8.206873] cloud-init[1091]: ci-info: +--------+------+-----------------------------+---------------+--------+-------------------+
[    8.225189] cloud-init[1091]: ci-info: ++++++++++++++++++++++++++++Route IPv4 info++++++++++++++++++++++++++++
[    8.227262] cloud-init[1091]: ci-info: +-------+--------------+----------+---------------+-----------+-------+
[    8.229254] cloud-init[1091]: ci-info: | Route | Destination  | Gateway  |    Genmask    | Interface | Flags |
[    8.231125] cloud-init[1091]: ci-info: +-------+--------------+----------+---------------+-----------+-------+
[    8.232631] cloud-init[1091]: ci-info: |   0   |   0.0.0.0    | 10.0.2.2 |    0.0.0.0    |   enp0s3  |   UG  |
[    8.240536] cloud-init[1091]: ci-info: |   1   |   10.0.2.0   | 0.0.0.0  | 255.255.255.0 |   enp0s3  |   U   |
[[0;32m  OK  [0m] Started Daily Cleanup of Temporary Directories.
[    8.246199] cloud-init[1091]: ci-info: |   2   | 192.168.34.0 | 0.0.0.0  | 255.255.255.0 |   enp0s8  |   U   |
[[0;32m  OK  [0m] Started Message of the Day.
[    8.248379] cloud-init[1091]:          Starting LXD - unix socket.
[[0;32m  OK  [0m] Listening on ACPID Listen Socket.
[[0;32m  OK  [0m] Started Daily apt download activities.
ci-info: +-------+--------------+----------+---------------+-----------+-------+
[    8.260417] cloud-init[1091]: ci-info: +++++++++++++++++++Route IPv6 info+++++++++++++++++++
[[0;32m  OK  [0m] Started ACPI Events Check.
[[0;32m  OK  [0m] Reached target Paths.
[[0;32m  OK  [0m] Started Daily apt upgrade and clean activities.
[[0;32m  OK  [0m] Reached target Timers.
[[0;32m  OK  [0m] Listening on D-Bus System Message Bus Socket.
[    8.265813]          Starting Socket activation for snappy daemon.
[[0;32m  OK  [0m] Reached target Network is Online.
         Starting iSCSI initiator daemon (iscsid)...
[[0;32m  OK  [0m] Reached target Cloud-config availability.
cloud-init[1091]: ci-info: +-------+-------------+---------+-----------+-------+
[    8.300986] cloud-init[1091]: ci-info: | Route | Destination | Gateway | Interface | Flags |
[    8.308968] cloud-init[1091]: ci-info: +-------+-------------+---------+-----------+-------+
[[0;32m  OK  [0m] Listening on LXD - unix socket.
[[0;32m  OK  [0m] Listening on Socket activation for snappy daemon.
[    8.314270] cloud-init[1091]: ci-info: |   0   |  fe80::/64  |    ::   |   enp0s8  |   U   |
[    8.318690] cloud-init[1091]: ci-info: |   1   |  fe80::/64  |    ::   |   enp0s3  |   U   |
[    8.320412] cloud-init[1091]: ci-info: |   4   |   ff00::/8  |    ::   |   enp0s8  |   U   |
[    8.328351] [[0;32m  OK  [0m] Reached target Sockets.
[[0;32m  OK  [0m] Reached target Basic System.
         Starting LSB: Record successful boot for GRUB...
         Starting Snappy daemon...
         Starting Accounts Service...
[[0;32m  OK  [0m] Started D-Bus System Message Bus.
cloud-init[1091]: ci-info: |   5   |   ff00::/8  |    ::   |   enp0s3  |   U   |
[    8.337278] cloud-init[1091]: ci-info: +-------+-------------+---------+-----------+-------+
[[0;32m  OK  [0m] Started ACPI event daemon.
[[0;32m  OK  [0m] Started Deferred execution scheduler.
         Starting Login Service...
[[0;32m  OK  [0m] Started Regular background program processing daemon.
[[0;32m  OK  [0m] Started FUSE filesystem for LXC.
         Starting LSB: MD monitoring daemon...
         Starting Virtualbox guest utils...
         Starting /etc/rc.local Compatibility...
         Starting System Logging Service...
         Starting OpenBSD Secure Shell server...
         Starting LXD - container startup/shutdown...
[[0;32m  OK  [0m] Started iSCSI initiator daemon (iscsid).
[[0;32m  OK  [0m] Started /etc/rc.local Compatibility.
         Starting Authenticate and Authorize Users to Run Privileged Tasks...
         Starting Login to default iSCSI targets...
[[0;32m  OK  [0m] Started Login Service.
[[0;32m  OK  [0m] Started Unattended Upgrades Shutdown.
[[0;32m  OK  [0m] Started LSB: Record successful boot for GRUB.
[[0;32m  OK  [0m] Started System Logging Service.
[[0;32m  OK  [0m] Started Authenticate and Authorize Users to Run Privileged Tasks.
[[0;32m  OK  [0m] Started Accounts Service.
[[0;32m  OK  [0m] Started Login to default iSCSI targets.
[[0;32m  OK  [0m] Reached target Remote File Systems (Pre).
[[0;32m  OK  [0m] Reached target Remote File Systems.
         Starting LSB: automatic crash report generation...
         Starting Permit User Sessions...
         Starting LSB: Set the CPU Frequency Scaling governor to "ondemand"...
         Starting LSB: daemon to balance interrupts for SMP systems...
[[0;32m  OK  [0m] Started LSB: MD monitoring daemon.
[[0;32m  OK  [0m] Started Permit User Sessions.
         Starting Terminate Plymouth Boot Screen...
         Starting Hold until boot process finishes up...
[[0;32m  OK  [0m] Started Hold until boot process finishes up.
         Starting Set console scheme...
[[0;32m  OK  [0m] Started Serial Getty on ttyS0.
[[0;32m  OK  [0m] Started Getty on tty1.
[[0;32m  OK  [0m] Reached target Login Prompts.
[[0;32m  OK  [0m] Started Terminate Plymouth Boot Screen.
[[0;32m  OK  [0m] Started Set console scheme.
[[0;32m  OK  [0m] Started LSB: Set the CPU Frequency Scaling governor to "ondemand".
[[0;32m  OK  [0m] Started LSB: automatic crash report generation.
[[0;32m  OK  [0m] Started LSB: daemon to balance interrupts for SMP systems.
[[0;32m  OK  [0m] Started OpenBSD Secure Shell server.
[[0;32m  OK  [0m] Started LXD - container startup/shutdown.
[[0;32m  OK  [0m] Started Virtualbox guest utils.
[[0;32m  OK  [0m] Started Snappy daemon.
         Starting Wait until snapd is fully seeded...
[[0;32m  OK  [0m] Started Wait until snapd is fully seeded.
[[0;32m  OK  [0m] Reached target Multi-User System.
[[0;32m  OK  [0m] Reached target Graphical Interface.
         Starting Update UTMP about System Runlevel Changes...
         Starting Apply the settings specified in cloud-config...
[[0;32m  OK  [0m] Started Update UTMP about System Runlevel Changes.
[    9.535099] cloud-init[1364]: Cloud-init v. 19.4-33-gbb4131a2-0ubuntu1~16.04.1 running 'modules:config' at Mon, 20 Apr 2020 10:23:00 +0000. Up 9.41 seconds.
[[0;32m  OK  [0m] Started Apply the settings specified in cloud-config.
         Starting Execute cloud user/final scripts...
[   10.046265] cloud-init[1378]: Cloud-init v. 19.4-33-gbb4131a2-0ubuntu1~16.04.1 running 'modules:final' at Mon, 20 Apr 2020 10:23:01 +0000. Up 9.92 seconds.
[   10.052339] cloud-init[1378]: Cloud-init v. 19.4-33-gbb4131a2-0ubuntu1~16.04.1 finished at Mon, 20 Apr 2020 10:23:01 +0000. Datasource[[0;32m  OK  [0m] Stopped target Graphical Interface.
[[0;32m  OK  [0m] Closed Load/Save RF Kill Switch Status /dev/rfkill Watch.
         Stopping Session 2 of user vagrant.
[[0;32m  OK  [0m] Stopped target Cloud-init target.
[[0;32m  OK  [0m] Stopped Execute cloud user/final scripts.
[[0;32m  OK  [0m] Stopped Apply the settings specified in cloud-config.
         Stopping ACPI event daemon...
         Stopping User Manager for UID 1000...
[[0;32m  OK  [0m] Stopped target Multi-User System.
         Stopping Deferred execution scheduler...
         Stopping System Logging Service...
         Stopping D-Bus System Message Bus...
         Stopping LSB: Set the CPU Frequency Scaling governor to "ondemand"...
         Stopping LSB: MD monitoring daemon...
         Stopping Unattended Upgrades Shutdown...
         Stopping Regular background program processing daemon...
[[0;32m  OK  [0m] Stopped target Login Prompts.
         Stopping Getty on tty1...
         Stopping OpenBSD Secure Shell server...
         Stopping Virtualbox guest utils...
         Stopping LSB: daemon to balance interrupts for SMP systems...
         Stopping Authenticate and Authorize Users to Run Privileged Tasks...
[[0;32m  OK  [0m] Stopped target Cloud-config availability.
         Stopping Accounts Service...
         Stopping LSB: Record successful boot for GRUB...
         Stopping LSB: automatic crash report generation...
         Stopping FUSE filesystem for LXC...
[[0;32m  OK  [0m] Stopped Wait until snapd is fully seeded.
[[0;32m  OK  [0m] Stopped target Timers.
[[0;32m  OK  [0m] Stopped Message of the Day.
[[0;32m  OK  [0m] Stopped Daily apt upgrade and clean activities.
[[0;32m  OK  [0m] Stopped Daily Cleanup of Temporary Directories.
[[0;32m  OK  [0m] Stopped Daily apt download activities.
         Stopping Serial Getty on ttyS0...
[[0;32m  OK  [0m] Stopped target System Time Synchronized.
         Stopping LXD - container startup/shutdown...
[[0;32m  OK  [0m] Unmounted /var/lib/lxcfs.
[[0;32m  OK  [0m] Stopped System Logging Service.
[[0;32m  OK  [0m] Stopped Regular background program processing daemon.
[[0;32m  OK  [0m] Stopped Deferred execution scheduler.
[[0;32m  OK  [0m] Stopped Accounts Service.
[[0;32m  OK  [0m] Stopped ACPI event daemon.
[[0;32m  OK  [0m] Stopped Serial Getty on ttyS0.
[[0;32m  OK  [0m] Stopped Getty on tty1.
[[0;32m  OK  [0m] Stopped Unattended Upgrades Shutdown.
[[0;32m  OK  [0m] Stopped OpenBSD Secure Shell server.
[[0;32m  OK  [0m] Stopped Authenticate and Authorize Users to Run Privileged Tasks.
[[0;32m  OK  [0m] Stopped User Manager for UID 1000.
[[0;32m  OK  [0m] Stopped Session 2 of user vagrant.
[[0;32m  OK  [0m] Stopped D-Bus System Message Bus.
[[0;32m  OK  [0m] Stopped FUSE filesystem for LXC.
[[0;32m  OK  [0m] Stopped LSB: MD monitoring daemon.
[[0;32m  OK  [0m] Stopped LXD - container startup/shutdown.
[[0;32m  OK  [0m] Removed slice User Slice of vagrant.
         Stopping Login Service...
[[0;32m  OK  [0m] Removed slice system-getty.slice.
         Stopping Permit User Sessions...
[[0;32m  OK  [0m] Removed slice system-serial\x2dgetty.slice.
[[0;32m  OK  [0m] Stopped /etc/rc.local Compatibility.
[[0;32m  OK  [0m] Stopped Login Service.
[[0;32m  OK  [0m] Stopped LSB: Set the CPU Frequency Scaling governor to "ondemand".
[[0;32m  OK  [0m] Stopped Virtualbox guest utils.
[[0;32m  OK  [0m] Stopped LSB: daemon to balance interrupts for SMP systems.
[[0;32m  OK  [0m] Stopped LSB: Record successful boot for GRUB.
[[0;32m  OK  [0m] Stopped LSB: automatic crash report generation.
[[0;32m  OK  [0m] Stopped Permit User Sessions.
[[0;32m  OK  [0m] Stopped target Remote File Systems.
[[0;32m  OK  [0m] Stopped target Remote File Systems (Pre).
         Stopping Login to default iSCSI targets...
[[0;32m  OK  [0m] Stopped target Basic System.
[[0;32m  OK  [0m] Stopped target Sockets.
[[0;32m  OK  [0m] Closed ACPID Listen Socket.
[[0;32m  OK  [0m] Closed Socket activation for snappy daemon.
[[0;32m  OK  [0m] Closed UUID daemon activation socket.
[[0;32m  OK  [0m] Closed Syslog Socket.
[[0;32m  OK  [0m] Closed LXD - unix socket.
[[0;32m  OK  [0m] Stopped target Slices.
[[0;32m  OK  [0m] Stopped target Paths.
[[0;32m  OK  [0m] Stopped Forward Password Requests to Wall Directory Watch.
[[0;32m  OK  [0m] Stopped Dispatch Password Requests to Console Directory Watch.
[[0;32m  OK  [0m] Stopped ACPI Events Check.
[[0;32m  OK  [0m] Closed D-Bus System Message Bus Socket.
[[0;32m  OK  [0m] Stopped target System Initialization.
[[0;32m  OK  [0m] Stopped target Encrypted Volumes.
         Stopping Load/Save Random Seed...
[[0;32m  OK  [0m] Stopped target Swap.
         Stopping Update UTMP about System Boot/Shutdown...
[[0;32m  OK  [0m] Stopped target User and Group Name Lookups.
[[0;32m  OK  [0m] Removed slice User and Session Slice.
[[0;32m  OK  [0m] Stopped Load/Save Random Seed.
[[0;32m  OK  [0m] Stopped Update UTMP about System Boot/Shutdown.
[[0;32m  OK  [0m] Stopped Create Volatile Files and Directories.
[[0;32m  OK  [0m] Stopped Login to default iSCSI targets.
         Stopping iSCSI initiator daemon (iscsid)...
[[0;32m  OK  [0m] Stopped iSCSI initiator daemon (iscsid).
[[0;32m  OK  [0m] Stopped target Network is Online.
[[0;32m  OK  [0m] Stopped Initial cloud-init job (metadata service crawler).
[[0;32m  OK  [0m] Stopped target Network.
         Stopping Raise network interfaces...
[[0;32m  OK  [0m] Stopped Raise network interfaces.
[[0;32m  OK  [0m] Stopped target Local File Systems.
         Unmounting /vagrant...
         Unmounting /run/user/1000...
[[0;32m  OK  [0m] Stopped target Network (Pre).
[[0;32m  OK  [0m] Stopped Initial cloud-init job (pre-networking).
[[0;32m  OK  [0m] Stopped Apply Kernel Variables.
[[0;32m  OK  [0m] Stopped Load Kernel Modules.
[[0;32m  OK  [0m] Unmounted /vagrant.
[[0;32m  OK  [0m] Unmounted /run/user/1000.
[[0;32m  OK  [0m] Reached target Unmount All Filesystems.
[[0;32m  OK  [0m] Stopped target Local File Systems (Pre).
         Stopping Monitoring of LVM2 mirrors... dmeventd or progress polling...
[[0;32m  OK  [0m] Stopped Create Static Device Nodes in /dev.
[[0;32m  OK  [0m] Stopped Remount Root and Kernel File Systems.
[[0;32m  OK  [0m] Reached target Shutdown.
[  145.992437] reboot: Power down
ice Nodes in /dev.
         Stopping Monitoring of LVM2 mirrors... dmeventd or progress polling...
[[0;32m  OK  [0m] Stopped Remount Root and Kernel File Systems.
[[0;32m  OK  [0m] Reached target Shutdown.
[  105.162660] reboot: Power down
